Copyright 1986-2022 Xilinx, Inc. All Rights Reserved.
----------------------------------------------------------------------------------------------
| Tool Version : Vivado v.2022.2 (win64) Build 3671981 Fri Oct 14 05:00:03 MDT 2022
| Date         : Mon Feb  9 18:07:00 2026
| Host         : DESKTOP-V5UHSH2 running 64-bit major release  (build 9200)
| Command      : report_clock_utilization -file design_1_wrapper_clock_utilization_routed.rpt
| Design       : design_1_wrapper
| Device       : 7a200t-fbg484
| Speed File   : -2  PRODUCTION 1.23 2018-06-13
| Design State : Routed
----------------------------------------------------------------------------------------------

Clock Utilization Report

Table of Contents
-----------------
1. Clock Primitive Utilization
2. Global Clock Resources
3. Global Clock Source Details
4. Local Clock Details
5. Clock Regions: Key Resource Utilization
6. Clock Regions : Global Clock Summary
7. Device Cell Placement Summary for Global Clock g0
8. Device Cell Placement Summary for Global Clock g1
9. Device Cell Placement Summary for Global Clock g2
10. Device Cell Placement Summary for Global Clock g3
11. Device Cell Placement Summary for Global Clock g4
12. Device Cell Placement Summary for Global Clock g5
13. Device Cell Placement Summary for Global Clock g6
14. Device Cell Placement Summary for Global Clock g7
15. Device Cell Placement Summary for Global Clock g8
16. Device Cell Placement Summary for Global Clock g9
17. Device Cell Placement Summary for Global Clock g10
18. Device Cell Placement Summary for Global Clock g11
19. Clock Region Cell Placement per Global Clock: Region X0Y2
20. Clock Region Cell Placement per Global Clock: Region X1Y2
21. Clock Region Cell Placement per Global Clock: Region X0Y3
22. Clock Region Cell Placement per Global Clock: Region X1Y3
23. Clock Region Cell Placement per Global Clock: Region X0Y4
24. Clock Region Cell Placement per Global Clock: Region X1Y4

1. Clock Primitive Utilization
------------------------------

+----------+------+-----------+-----+--------------+--------+
| Type     | Used | Available | LOC | Clock Region | Pblock |
+----------+------+-----------+-----+--------------+--------+
| BUFGCTRL |   12 |        32 |   0 |            0 |      0 |
| BUFH     |    0 |       120 |   0 |            0 |      0 |
| BUFIO    |    0 |        40 |   0 |            0 |      0 |
| BUFMR    |    0 |        20 |   0 |            0 |      0 |
| BUFR     |    0 |        40 |   0 |            0 |      0 |
| MMCM     |    0 |        10 |   0 |            0 |      0 |
| PLL      |    1 |        10 |   0 |            0 |      0 |
+----------+------+-----------+-----+--------------+--------+


2. Global Clock Resources
-------------------------

+-----------+-----------+-----------------+------------+----------------+--------------+-------------------+-------------+-----------------+--------------+----------------------------------------------------------+---------------------------------------------------------------------+-------------------------------------------------------------+
| Global Id | Source Id | Driver Type/Pin | Constraint | Site           | Clock Region | Load Clock Region | Clock Loads | Non-Clock Loads | Clock Period | Clock                                                    | Driver Pin                                                          | Net                                                         |
+-----------+-----------+-----------------+------------+----------------+--------------+-------------------+-------------+-----------------+--------------+----------------------------------------------------------+---------------------------------------------------------------------+-------------------------------------------------------------+
| g0        | src0      | BUFG/O          | None       | BUFGCTRL_X0Y0  | n/a          |                 5 |        7867 |               0 |        6.250 | clk_out2_design_1_clk_wiz_1_0                            | design_1_i/clk_wiz_1/inst/clkout2_buf/O                             | design_1_i/clk_wiz_1/inst/clk_out2                          |
| g1        | src1      | BUFG/O          | None       | BUFGCTRL_X0Y1  | n/a          |                 5 |        5159 |               0 |        6.250 | clk_out1_design_1_clk_wiz_1_0                            | design_1_i/clk_wiz_1/inst/clkout1_buf/O                             | design_1_i/clk_wiz_1/inst/clk_out1                          |
| g2        | src2      | BUFG/O          | None       | BUFGCTRL_X0Y2  | n/a          |                 1 |         257 |              13 |              |                                                          | design_1_i/hw0_0/inst/hostS1RxProc/hostS1RxClk4m_w_BUFG_inst/O      | design_1_i/hw0_0/inst/hostS1RxProc/hostS1RxClk4m_w_BUFG     |
| g3        | src3      | BUFG/O          | None       | BUFGCTRL_X0Y5  | n/a          |                 1 |         257 |              12 |              |                                                          | design_1_i/hw0_0/inst/hostS2RxProc/rxClk4m_f_reg_n_0_BUFG_inst/O    | design_1_i/hw0_0/inst/hostS2RxProc/rxClk4m_f_reg_n_0_BUFG   |
| g4        | src4      | BUFG/O          | None       | BUFGCTRL_X0Y3  | n/a          |                 2 |         257 |              13 |              |                                                          | design_1_i/hw0_0/inst/rxSysData1/rxSysData1_clk_w_BUFG_inst/O       | design_1_i/hw0_0/inst/rxSysData1/rxSysData1_clk_w_BUFG      |
| g5        | src5      | BUFG/O          | None       | BUFGCTRL_X0Y6  | n/a          |                 2 |         257 |              12 |              |                                                          | design_1_i/hw0_0/inst/rxSysData2/rxClk4m_f_reg_n_0_BUFG_inst/O      | design_1_i/hw0_0/inst/rxSysData2/rxClk4m_f_reg_n_0_BUFG     |
| g6        | src6      | BUFG/O          | None       | BUFGCTRL_X0Y7  | n/a          |                 1 |         257 |              12 |              |                                                          | design_1_i/hw0_0/inst/rxSysData3/rxClk4m_f_reg_n_0_BUFG_inst/O      | design_1_i/hw0_0/inst/rxSysData3/rxClk4m_f_reg_n_0_BUFG     |
| g7        | src7      | BUFG/O          | None       | BUFGCTRL_X0Y8  | n/a          |                 1 |         257 |              12 |              |                                                          | design_1_i/hw0_0/inst/rxSysData4/rxClk4m_f_reg_n_0_BUFG_inst/O      | design_1_i/hw0_0/inst/rxSysData4/rxClk4m_f_reg_n_0_BUFG     |
| g8        | src8      | BUFG/O          | None       | BUFGCTRL_X0Y9  | n/a          |                 2 |         257 |              12 |              |                                                          | design_1_i/hw0_0/inst/s1FibRxProc/rxClk4m_f_reg_n_0_BUFG_inst/O     | design_1_i/hw0_0/inst/s1FibRxProc/rxClk4m_f_reg_n_0_BUFG    |
| g9        | src9      | BUFG/O          | None       | BUFGCTRL_X0Y4  | n/a          |                 1 |         257 |              13 |              |                                                          | design_1_i/hw0_0/inst/s1LocalRxProc/s1LocalRxClk4m_w_BUFG_inst/O    | design_1_i/hw0_0/inst/s1LocalRxProc/s1LocalRxClk4m_w_BUFG   |
| g10       | src10     | BUFGCTRL/O      | None       | BUFGCTRL_X0Y10 | n/a          |                 2 |         232 |               0 |       33.333 | design_1_i/mdm_1/U0/Use_E2.BSCAN_I/Use_E2.BSCANE2_I/DRCK | design_1_i/mdm_1/U0/No_Dbg_Reg_Access.BUFG_DRCK/Using_FPGA.Native/O | design_1_i/mdm_1/U0/No_Dbg_Reg_Access.BUFG_DRCK/Dbg_Clk_0   |
| g10       | src11     | BUFGCTRL/O      | None       | BUFGCTRL_X0Y10 | n/a          |                 2 |         232 |               0 |       33.333 | design_1_i/mdm_1/U0/Use_E2.BSCAN_I/Use_E2.BSCANE2_I/DRCK | design_1_i/mdm_1/U0/No_Dbg_Reg_Access.BUFG_DRCK/Using_FPGA.Native/O | design_1_i/mdm_1/U0/No_Dbg_Reg_Access.BUFG_DRCK/Dbg_Clk_0   |
| g11       | src12     | BUFG/O          | None       | BUFGCTRL_X0Y11 | n/a          |                 1 |           1 |               0 |       20.000 | clkfbout_design_1_clk_wiz_1_0                            | design_1_i/clk_wiz_1/inst/clkf_buf/O                                | design_1_i/clk_wiz_1/inst/clkfbout_buf_design_1_clk_wiz_1_0 |
+-----------+-----------+-----------------+------------+----------------+--------------+-------------------+-------------+-----------------+--------------+----------------------------------------------------------+---------------------------------------------------------------------+-------------------------------------------------------------+
* Clock Loads column represents cell count of net connects that connect to a clock pin. Internal cell leaf pins are not considered
** Non-Clock Loads column represents cell count of non-clock pin loads


3. Global Clock Source Details
------------------------------

+-----------+-----------+--------------------+------------+----------------+--------------+-------------+-----------------+---------------------+----------------------------------------------------------+----------------------------------------------------------+---------------------------------------------------------+
| Source Id | Global Id | Driver Type/Pin    | Constraint | Site           | Clock Region | Clock Loads | Non-Clock Loads | Source Clock Period | Source Clock                                             | Driver Pin                                               | Net                                                     |
+-----------+-----------+--------------------+------------+----------------+--------------+-------------+-----------------+---------------------+----------------------------------------------------------+----------------------------------------------------------+---------------------------------------------------------+
| src0      | g0        | PLLE2_ADV/CLKOUT1  | None       | PLLE2_ADV_X0Y2 | X0Y2         |           1 |               0 |               6.250 | clk_out2_design_1_clk_wiz_1_0                            | design_1_i/clk_wiz_1/inst/plle2_adv_inst/CLKOUT1         | design_1_i/clk_wiz_1/inst/clk_out2_design_1_clk_wiz_1_0 |
| src1      | g1        | PLLE2_ADV/CLKOUT0  | None       | PLLE2_ADV_X0Y2 | X0Y2         |           1 |               0 |               6.250 | clk_out1_design_1_clk_wiz_1_0                            | design_1_i/clk_wiz_1/inst/plle2_adv_inst/CLKOUT0         | design_1_i/clk_wiz_1/inst/clk_out1_design_1_clk_wiz_1_0 |
| src2      | g2        | FDRE/Q             | None       | SLICE_X81Y147  | X0Y2         |           1 |               0 |                     |                                                          | design_1_i/hw0_0/inst/hostS1RxProc/rxClk4m_f_reg/Q       | design_1_i/hw0_0/inst/hostS1RxProc/hostS1RxClk4m_w      |
| src3      | g3        | FDRE/Q             | None       | SLICE_X83Y144  | X0Y2         |           1 |               0 |                     |                                                          | design_1_i/hw0_0/inst/hostS2RxProc/rxClk4m_f_reg/Q       | design_1_i/hw0_0/inst/hostS2RxProc/rxClk4m_f_reg_n_0    |
| src4      | g4        | FDRE/Q             | None       | SLICE_X101Y146 | X1Y2         |           1 |               0 |                     |                                                          | design_1_i/hw0_0/inst/rxSysData1/rxClk4m_f_reg/Q         | design_1_i/hw0_0/inst/rxSysData1/rxSysData1_clk_w       |
| src5      | g5        | FDRE/Q             | None       | SLICE_X102Y144 | X1Y2         |           1 |               0 |                     |                                                          | design_1_i/hw0_0/inst/rxSysData2/rxClk4m_f_reg/Q         | design_1_i/hw0_0/inst/rxSysData2/rxClk4m_f_reg_n_0      |
| src6      | g6        | FDRE/Q             | None       | SLICE_X102Y144 | X1Y2         |           1 |               0 |                     |                                                          | design_1_i/hw0_0/inst/rxSysData3/rxClk4m_f_reg/Q         | design_1_i/hw0_0/inst/rxSysData3/rxClk4m_f_reg_n_0      |
| src7      | g7        | FDRE/Q             | None       | SLICE_X111Y141 | X1Y2         |           1 |               0 |                     |                                                          | design_1_i/hw0_0/inst/rxSysData4/rxClk4m_f_reg/Q         | design_1_i/hw0_0/inst/rxSysData4/rxClk4m_f_reg_n_0      |
| src8      | g8        | FDRE/Q             | None       | SLICE_X85Y147  | X1Y2         |           1 |               0 |                     |                                                          | design_1_i/hw0_0/inst/s1FibRxProc/rxClk4m_f_reg/Q        | design_1_i/hw0_0/inst/s1FibRxProc/rxClk4m_f_reg_n_0     |
| src9      | g9        | FDRE/Q             | None       | SLICE_X85Y144  | X1Y2         |           1 |               0 |                     |                                                          | design_1_i/hw0_0/inst/s1LocalRxProc/rxClk4m_f_reg/Q      | design_1_i/hw0_0/inst/s1LocalRxProc/s1LocalRxClk4m_w    |
| src10     | g10       | BSCANE2/DRCK       | None       | BSCAN_X0Y1     | X0Y2         |           1 |               0 |              33.333 | design_1_i/mdm_1/U0/Use_E2.BSCAN_I/Use_E2.BSCANE2_I/DRCK | design_1_i/mdm_1/U0/Use_E2.BSCAN_I/Use_E2.BSCANE2_I/DRCK | design_1_i/mdm_1/U0/Use_E2.BSCAN_I/DRCK                 |
| src11     | g10       | VCC/P              | None       |                | n/a          |           0 |               0 |                     |                                                          | design_1_i/mdm_1/U0/No_Dbg_Reg_Access.BUFG_DRCK/VCC_1/P  | design_1_i/mdm_1/U0/No_Dbg_Reg_Access.BUFG_DRCK/VCC_2   |
| src12     | g11       | PLLE2_ADV/CLKFBOUT | None       | PLLE2_ADV_X0Y2 | X0Y2         |           1 |               0 |              20.000 | clkfbout_design_1_clk_wiz_1_0                            | design_1_i/clk_wiz_1/inst/plle2_adv_inst/CLKFBOUT        | design_1_i/clk_wiz_1/inst/clkfbout_design_1_clk_wiz_1_0 |
+-----------+-----------+--------------------+------------+----------------+--------------+-------------+-----------------+---------------------+----------------------------------------------------------+----------------------------------------------------------+---------------------------------------------------------+
* Clock Loads column represents cell count of net connects that connect to a clock pin. Internal cell leaf pins are not considered
** Non-Clock Loads column represents cell count of non-clock pin loads


4. Local Clock Details
----------------------

+----------+-----------------+------------+---------------------+--------------+-------------+-----------------+--------------+-------+-----------------------------------------------------+-------------------------------------------------------+
| Local Id | Driver Type/Pin | Constraint | Site/BEL            | Clock Region | Clock Loads | Non-Clock Loads | Clock Period | Clock | Driver Pin                                          | Net                                                   |
+----------+-----------------+------------+---------------------+--------------+-------------+-----------------+--------------+-------+-----------------------------------------------------+-------------------------------------------------------+
| 0        | FDRE/Q          | None       | SLICE_X109Y181/AFF  | X1Y3         |         257 |              12 |              |       | design_1_i/hw0_0/inst/s1RfRxProc/rxClk4m_f_reg/Q    | design_1_i/hw0_0/inst/s1RfRxProc/rxClk4m_f_reg_n_0    |
| 1        | FDRE/Q          | None       | SLICE_X148Y194/AFF  | X1Y3         |         257 |              11 |              |       | design_1_i/hw0_0/inst/s1RxProc/rxClk4m_f_reg/Q      | design_1_i/hw0_0/inst/s1RxProc/rxClk4m_f_reg_n_0      |
| 2        | FDRE/Q          | None       | SLICE_X126Y148/A5FF | X1Y2         |         178 |               2 |              |       | design_1_i/hw0_0/inst/hostS1TxProc/txBitClk_f_reg/Q | design_1_i/hw0_0/inst/hostS1TxProc/hostS1TxDataClk_w  |
| 3        | FDRE/Q          | None       | SLICE_X122Y146/BFF  | X1Y2         |         178 |               1 |              |       | design_1_i/hw0_0/inst/hostS2TxProc/txBitClk_f_reg/Q | design_1_i/hw0_0/inst/hostS2TxProc/txBitClk_f_reg_n_0 |
| 4        | FDRE/Q          | None       | SLICE_X133Y167/BFF  | X1Y3         |         178 |               1 |              |       | design_1_i/hw0_0/inst/s1SyncTxProc/txBitClk_f_reg/Q | design_1_i/hw0_0/inst/s1SyncTxProc/txBitClk_f_reg_n_0 |
| 5        | FDRE/Q          | None       | SLICE_X64Y174/BFF   | X0Y3         |         178 |               2 |              |       | design_1_i/hw0_0/inst/txSysData1/txBitClk_f_reg/Q   | design_1_i/hw0_0/inst/txSysData1/txSysData1_clk_w     |
+----------+-----------------+------------+---------------------+--------------+-------------+-----------------+--------------+-------+-----------------------------------------------------+-------------------------------------------------------+
* Local Clocks in this context represents only clocks driven by non-global buffers
** Clock Loads column represents cell count of net connects that connect to a clock pin. Internal cell leaf pins are not considered
*** Non-Clock Loads column represents cell count of non-clock pin loads


5. Clock Regions: Key Resource Utilization
------------------------------------------

+-------------------+--------------+--------------+--------------+--------------+--------------+--------------+--------------+--------------+--------------+--------------+--------------+--------------+--------------+--------------+--------------+
|                   | Global Clock |     BUFRs    |    BUFMRs    |    BUFIOs    |     MMCM     |      PLL     |      GT      |      PCI     |    ILOGIC    |    OLOGIC    |      FF      |     LUTM     |    RAMB18    |    RAMB36    |    DSP48E2   |
+-------------------+------+-------+------+-------+------+-------+------+-------+------+-------+------+-------+------+-------+------+-------+------+-------+------+-------+------+-------+------+-------+------+-------+------+-------+------+-------+
| Clock Region Name | Used | Avail | Used | Avail | Used | Avail | Used | Avail | Used | Avail | Used | Avail | Used | Avail | Used | Avail | Used | Avail | Used | Avail | Used | Avail | Used | Avail | Used | Avail | Used | Avail | Used | Avail |
+-------------------+------+-------+------+-------+------+-------+------+-------+------+-------+------+-------+------+-------+------+-------+------+-------+------+-------+------+-------+------+-------+------+-------+------+-------+------+-------+
| X0Y0              |    0 |    12 |    0 |     4 |    0 |     2 |    0 |     4 |    0 |     1 |    0 |     1 |    0 |     4 |    0 |     0 |    0 |    50 |    0 |    50 |    0 |  2700 |    0 |   800 |    0 |    60 |    0 |    30 |    0 |    60 |
| X1Y0              |    0 |    12 |    0 |     4 |    0 |     2 |    0 |     4 |    0 |     1 |    0 |     1 |    0 |     4 |    0 |     0 |    0 |    50 |    0 |    50 |    0 |  2500 |    0 |   800 |    0 |    40 |    0 |    20 |    0 |    40 |
| X0Y1              |    0 |    12 |    0 |     4 |    0 |     2 |    0 |     4 |    0 |     1 |    0 |     1 |    0 |     0 |    0 |     0 |    0 |    50 |    0 |    50 |    0 |  4200 |    0 |  1400 |    0 |   100 |    0 |    50 |    0 |   100 |
| X1Y1              |    0 |    12 |    0 |     4 |    0 |     2 |    0 |     4 |    0 |     1 |    0 |     1 |    0 |     0 |    0 |     0 |    0 |    50 |    0 |    50 |    0 |  4000 |    0 |  1400 |    0 |    80 |    0 |    40 |    0 |    80 |
| X0Y2              |    3 |    12 |    0 |     4 |    0 |     2 |    0 |     4 |    0 |     1 |    1 |     1 |    0 |     0 |    0 |     0 |    0 |    50 |    0 |    50 | 2018 |  3600 |  872 |  1400 |    0 |   100 |    4 |    50 |    0 |   100 |
| X1Y2              |    2 |    12 |    0 |     4 |    0 |     2 |    0 |     4 |    0 |     1 |    0 |     1 |    0 |     0 |    0 |     0 |    0 |    50 |    0 |    50 | 1765 |  4000 |  787 |  1400 |    0 |    80 |    0 |    40 |    0 |    80 |
| X0Y3              |    4 |    12 |    0 |     4 |    0 |     2 |    0 |     4 |    0 |     1 |    0 |     1 |    0 |     0 |    0 |     0 |    0 |    50 |    0 |    50 | 5188 |  3600 | 2030 |  1400 |    0 |   100 |   27 |    50 |    0 |   100 |
| X1Y3              |   10 |    12 |    0 |     4 |    0 |     2 |    0 |     4 |    0 |     1 |    0 |     1 |    0 |     0 |    0 |     0 |    0 |    50 |    0 |    50 | 6945 |  4000 | 2572 |  1400 |    0 |    80 |    0 |    40 |    0 |    80 |
| X0Y4              |    2 |    12 |    0 |     4 |    0 |     2 |    0 |     4 |    0 |     1 |    0 |     1 |    0 |     4 |    0 |     1 |    0 |    50 |    0 |    50 |   26 |  2550 |   15 |   750 |    0 |    50 |    1 |    25 |    0 |    60 |
| X1Y4              |    3 |    12 |    0 |     4 |    0 |     2 |    0 |     4 |    0 |     1 |    0 |     1 |    0 |     4 |    0 |     0 |    0 |    50 |    0 |    50 |  356 |  2500 |  168 |   800 |    0 |    40 |    0 |    20 |    0 |    40 |
+-------------------+------+-------+------+-------+------+-------+------+-------+------+-------+------+-------+------+-------+------+-------+------+-------+------+-------+------+-------+------+-------+------+-------+------+-------+------+-------+
* Global Clock column represents track count; while other columns represents cell counts


6. Clock Regions : Global Clock Summary
---------------------------------------

All Modules
+----+----+----+
|    | X0 | X1 |
+----+----+----+
| Y4 |  2 |  3 |
| Y3 |  4 | 10 |
| Y2 |  3 |  2 |
| Y1 |  0 |  0 |
| Y0 |  0 |  0 |
+----+----+----+


7. Device Cell Placement Summary for Global Clock g0
----------------------------------------------------

+-----------+-----------------+-------------------+-------------------------------+-------------+---------------+-------------+----------+----------------+----------+------------------------------------+
| Global Id | Driver Type/Pin | Driver Region (D) | Clock                         | Period (ns) | Waveform (ns) | Slice Loads | IO Loads | Clocking Loads | GT Loads | Net                                |
+-----------+-----------------+-------------------+-------------------------------+-------------+---------------+-------------+----------+----------------+----------+------------------------------------+
| g0        | BUFG/O          | n/a               | clk_out2_design_1_clk_wiz_1_0 |       6.250 | {0.000 3.125} |        7835 |        0 |              0 |        0 | design_1_i/clk_wiz_1/inst/clk_out2 |
+-----------+-----------------+-------------------+-------------------------------+-------------+---------------+-------------+----------+----------------+----------+------------------------------------+
* Slice Loads column represents load cell count of all cell types other than IO, GT and clock resources
** IO Loads column represents load cell count of IO types
*** Clocking Loads column represents load cell count that are clock resources (global clock buffer, MMCM, PLL, etc)
**** GT Loads column represents load cell count of GT types


+----+-------+-------+-----------------------+
|    | X0    | X1    | HORIZONTAL PROG DELAY |
+----+-------+-------+-----------------------+
| Y4 |     0 |    63 |                     0 |
| Y3 |  1736 |  3980 |                     0 |
| Y2 |  1042 |  1014 |                     0 |
| Y1 |     0 |     0 |                     - |
| Y0 |     0 |     0 |                     - |
+----+-------+-------+-----------------------+


8. Device Cell Placement Summary for Global Clock g1
----------------------------------------------------

+-----------+-----------------+-------------------+-------------------------------+-------------+---------------+-------------+----------+----------------+----------+------------------------------------+
| Global Id | Driver Type/Pin | Driver Region (D) | Clock                         | Period (ns) | Waveform (ns) | Slice Loads | IO Loads | Clocking Loads | GT Loads | Net                                |
+-----------+-----------------+-------------------+-------------------------------+-------------+---------------+-------------+----------+----------------+----------+------------------------------------+
| g1        | BUFG/O          | n/a               | clk_out1_design_1_clk_wiz_1_0 |       6.250 | {0.000 3.125} |        5143 |        0 |              0 |        0 | design_1_i/clk_wiz_1/inst/clk_out1 |
+-----------+-----------------+-------------------+-------------------------------+-------------+---------------+-------------+----------+----------------+----------+------------------------------------+
* Slice Loads column represents load cell count of all cell types other than IO, GT and clock resources
** IO Loads column represents load cell count of IO types
*** Clocking Loads column represents load cell count that are clock resources (global clock buffer, MMCM, PLL, etc)
**** GT Loads column represents load cell count of GT types


+----+-------+------+-----------------------+
|    | X0    | X1   | HORIZONTAL PROG DELAY |
+----+-------+------+-----------------------+
| Y4 |     1 |    0 |                     0 |
| Y3 |  3188 |  294 |                     0 |
| Y2 |   980 |  680 |                     0 |
| Y1 |     0 |    0 |                     - |
| Y0 |     0 |    0 |                     - |
+----+-------+------+-----------------------+


9. Device Cell Placement Summary for Global Clock g2
----------------------------------------------------

+-----------+-----------------+-------------------+-------+-------------+---------------+-------------+----------+----------------+----------+---------------------------------------------------------+
| Global Id | Driver Type/Pin | Driver Region (D) | Clock | Period (ns) | Waveform (ns) | Slice Loads | IO Loads | Clocking Loads | GT Loads | Net                                                     |
+-----------+-----------------+-------------------+-------+-------------+---------------+-------------+----------+----------------+----------+---------------------------------------------------------+
| g2        | BUFG/O          | n/a               |       |             |               |         270 |        0 |              0 |        0 | design_1_i/hw0_0/inst/hostS1RxProc/hostS1RxClk4m_w_BUFG |
+-----------+-----------------+-------------------+-------+-------------+---------------+-------------+----------+----------------+----------+---------------------------------------------------------+
* Slice Loads column represents load cell count of all cell types other than IO, GT and clock resources
** IO Loads column represents load cell count of IO types
*** Clocking Loads column represents load cell count that are clock resources (global clock buffer, MMCM, PLL, etc)
**** GT Loads column represents load cell count of GT types


+----+----+------+-----------------------+
|    | X0 | X1   | HORIZONTAL PROG DELAY |
+----+----+------+-----------------------+
| Y4 |  0 |    0 |                     - |
| Y3 |  0 |  270 |                     0 |
| Y2 |  0 |    0 |                     - |
| Y1 |  0 |    0 |                     - |
| Y0 |  0 |    0 |                     - |
+----+----+------+-----------------------+


10. Device Cell Placement Summary for Global Clock g3
-----------------------------------------------------

+-----------+-----------------+-------------------+-------+-------------+---------------+-------------+----------+----------------+----------+-----------------------------------------------------------+
| Global Id | Driver Type/Pin | Driver Region (D) | Clock | Period (ns) | Waveform (ns) | Slice Loads | IO Loads | Clocking Loads | GT Loads | Net                                                       |
+-----------+-----------------+-------------------+-------+-------------+---------------+-------------+----------+----------------+----------+-----------------------------------------------------------+
| g3        | BUFG/O          | n/a               |       |             |               |         269 |        0 |              0 |        0 | design_1_i/hw0_0/inst/hostS2RxProc/rxClk4m_f_reg_n_0_BUFG |
+-----------+-----------------+-------------------+-------+-------------+---------------+-------------+----------+----------------+----------+-----------------------------------------------------------+
* Slice Loads column represents load cell count of all cell types other than IO, GT and clock resources
** IO Loads column represents load cell count of IO types
*** Clocking Loads column represents load cell count that are clock resources (global clock buffer, MMCM, PLL, etc)
**** GT Loads column represents load cell count of GT types


+----+----+------+-----------------------+
|    | X0 | X1   | HORIZONTAL PROG DELAY |
+----+----+------+-----------------------+
| Y4 |  0 |    0 |                     - |
| Y3 |  0 |  269 |                     0 |
| Y2 |  0 |    0 |                     - |
| Y1 |  0 |    0 |                     - |
| Y0 |  0 |    0 |                     - |
+----+----+------+-----------------------+


11. Device Cell Placement Summary for Global Clock g4
-----------------------------------------------------

+-----------+-----------------+-------------------+-------+-------------+---------------+-------------+----------+----------------+----------+--------------------------------------------------------+
| Global Id | Driver Type/Pin | Driver Region (D) | Clock | Period (ns) | Waveform (ns) | Slice Loads | IO Loads | Clocking Loads | GT Loads | Net                                                    |
+-----------+-----------------+-------------------+-------+-------------+---------------+-------------+----------+----------------+----------+--------------------------------------------------------+
| g4        | BUFG/O          | n/a               |       |             |               |         270 |        0 |              0 |        0 | design_1_i/hw0_0/inst/rxSysData1/rxSysData1_clk_w_BUFG |
+-----------+-----------------+-------------------+-------+-------------+---------------+-------------+----------+----------------+----------+--------------------------------------------------------+
* Slice Loads column represents load cell count of all cell types other than IO, GT and clock resources
** IO Loads column represents load cell count of IO types
*** Clocking Loads column represents load cell count that are clock resources (global clock buffer, MMCM, PLL, etc)
**** GT Loads column represents load cell count of GT types


+----+----+------+-----------------------+
|    | X0 | X1   | HORIZONTAL PROG DELAY |
+----+----+------+-----------------------+
| Y4 |  0 |  120 |                     0 |
| Y3 |  0 |  150 |                     0 |
| Y2 |  0 |    0 |                     - |
| Y1 |  0 |    0 |                     - |
| Y0 |  0 |    0 |                     - |
+----+----+------+-----------------------+


12. Device Cell Placement Summary for Global Clock g5
-----------------------------------------------------

+-----------+-----------------+-------------------+-------+-------------+---------------+-------------+----------+----------------+----------+---------------------------------------------------------+
| Global Id | Driver Type/Pin | Driver Region (D) | Clock | Period (ns) | Waveform (ns) | Slice Loads | IO Loads | Clocking Loads | GT Loads | Net                                                     |
+-----------+-----------------+-------------------+-------+-------------+---------------+-------------+----------+----------------+----------+---------------------------------------------------------+
| g5        | BUFG/O          | n/a               |       |             |               |         269 |        0 |              0 |        0 | design_1_i/hw0_0/inst/rxSysData2/rxClk4m_f_reg_n_0_BUFG |
+-----------+-----------------+-------------------+-------+-------------+---------------+-------------+----------+----------------+----------+---------------------------------------------------------+
* Slice Loads column represents load cell count of all cell types other than IO, GT and clock resources
** IO Loads column represents load cell count of IO types
*** Clocking Loads column represents load cell count that are clock resources (global clock buffer, MMCM, PLL, etc)
**** GT Loads column represents load cell count of GT types


+----+----+------+-----------------------+
|    | X0 | X1   | HORIZONTAL PROG DELAY |
+----+----+------+-----------------------+
| Y4 |  0 |   32 |                     0 |
| Y3 |  0 |  237 |                     0 |
| Y2 |  0 |    0 |                     - |
| Y1 |  0 |    0 |                     - |
| Y0 |  0 |    0 |                     - |
+----+----+------+-----------------------+


13. Device Cell Placement Summary for Global Clock g6
-----------------------------------------------------

+-----------+-----------------+-------------------+-------+-------------+---------------+-------------+----------+----------------+----------+---------------------------------------------------------+
| Global Id | Driver Type/Pin | Driver Region (D) | Clock | Period (ns) | Waveform (ns) | Slice Loads | IO Loads | Clocking Loads | GT Loads | Net                                                     |
+-----------+-----------------+-------------------+-------+-------------+---------------+-------------+----------+----------------+----------+---------------------------------------------------------+
| g6        | BUFG/O          | n/a               |       |             |               |         269 |        0 |              0 |        0 | design_1_i/hw0_0/inst/rxSysData3/rxClk4m_f_reg_n_0_BUFG |
+-----------+-----------------+-------------------+-------+-------------+---------------+-------------+----------+----------------+----------+---------------------------------------------------------+
* Slice Loads column represents load cell count of all cell types other than IO, GT and clock resources
** IO Loads column represents load cell count of IO types
*** Clocking Loads column represents load cell count that are clock resources (global clock buffer, MMCM, PLL, etc)
**** GT Loads column represents load cell count of GT types


+----+----+------+-----------------------+
|    | X0 | X1   | HORIZONTAL PROG DELAY |
+----+----+------+-----------------------+
| Y4 |  0 |    0 |                     - |
| Y3 |  0 |  269 |                     0 |
| Y2 |  0 |    0 |                     - |
| Y1 |  0 |    0 |                     - |
| Y0 |  0 |    0 |                     - |
+----+----+------+-----------------------+


14. Device Cell Placement Summary for Global Clock g7
-----------------------------------------------------

+-----------+-----------------+-------------------+-------+-------------+---------------+-------------+----------+----------------+----------+---------------------------------------------------------+
| Global Id | Driver Type/Pin | Driver Region (D) | Clock | Period (ns) | Waveform (ns) | Slice Loads | IO Loads | Clocking Loads | GT Loads | Net                                                     |
+-----------+-----------------+-------------------+-------+-------------+---------------+-------------+----------+----------------+----------+---------------------------------------------------------+
| g7        | BUFG/O          | n/a               |       |             |               |         269 |        0 |              0 |        0 | design_1_i/hw0_0/inst/rxSysData4/rxClk4m_f_reg_n_0_BUFG |
+-----------+-----------------+-------------------+-------+-------------+---------------+-------------+----------+----------------+----------+---------------------------------------------------------+
* Slice Loads column represents load cell count of all cell types other than IO, GT and clock resources
** IO Loads column represents load cell count of IO types
*** Clocking Loads column represents load cell count that are clock resources (global clock buffer, MMCM, PLL, etc)
**** GT Loads column represents load cell count of GT types


+----+----+------+-----------------------+
|    | X0 | X1   | HORIZONTAL PROG DELAY |
+----+----+------+-----------------------+
| Y4 |  0 |    0 |                     - |
| Y3 |  0 |  269 |                     0 |
| Y2 |  0 |    0 |                     - |
| Y1 |  0 |    0 |                     - |
| Y0 |  0 |    0 |                     - |
+----+----+------+-----------------------+


15. Device Cell Placement Summary for Global Clock g8
-----------------------------------------------------

+-----------+-----------------+-------------------+-------+-------------+---------------+-------------+----------+----------------+----------+----------------------------------------------------------+
| Global Id | Driver Type/Pin | Driver Region (D) | Clock | Period (ns) | Waveform (ns) | Slice Loads | IO Loads | Clocking Loads | GT Loads | Net                                                      |
+-----------+-----------------+-------------------+-------+-------------+---------------+-------------+----------+----------------+----------+----------------------------------------------------------+
| g8        | BUFG/O          | n/a               |       |             |               |         269 |        0 |              0 |        0 | design_1_i/hw0_0/inst/s1FibRxProc/rxClk4m_f_reg_n_0_BUFG |
+-----------+-----------------+-------------------+-------+-------------+---------------+-------------+----------+----------------+----------+----------------------------------------------------------+
* Slice Loads column represents load cell count of all cell types other than IO, GT and clock resources
** IO Loads column represents load cell count of IO types
*** Clocking Loads column represents load cell count that are clock resources (global clock buffer, MMCM, PLL, etc)
**** GT Loads column represents load cell count of GT types


+----+-----+------+-----------------------+
|    | X0  | X1   | HORIZONTAL PROG DELAY |
+----+-----+------+-----------------------+
| Y4 |   0 |    0 |                     - |
| Y3 |  61 |  208 |                     0 |
| Y2 |   0 |    0 |                     - |
| Y1 |   0 |    0 |                     - |
| Y0 |   0 |    0 |                     - |
+----+-----+------+-----------------------+


16. Device Cell Placement Summary for Global Clock g9
-----------------------------------------------------

+-----------+-----------------+-------------------+-------+-------------+---------------+-------------+----------+----------------+----------+-----------------------------------------------------------+
| Global Id | Driver Type/Pin | Driver Region (D) | Clock | Period (ns) | Waveform (ns) | Slice Loads | IO Loads | Clocking Loads | GT Loads | Net                                                       |
+-----------+-----------------+-------------------+-------+-------------+---------------+-------------+----------+----------------+----------+-----------------------------------------------------------+
| g9        | BUFG/O          | n/a               |       |             |               |         270 |        0 |              0 |        0 | design_1_i/hw0_0/inst/s1LocalRxProc/s1LocalRxClk4m_w_BUFG |
+-----------+-----------------+-------------------+-------+-------------+---------------+-------------+----------+----------------+----------+-----------------------------------------------------------+
* Slice Loads column represents load cell count of all cell types other than IO, GT and clock resources
** IO Loads column represents load cell count of IO types
*** Clocking Loads column represents load cell count that are clock resources (global clock buffer, MMCM, PLL, etc)
**** GT Loads column represents load cell count of GT types


+----+----+------+-----------------------+
|    | X0 | X1   | HORIZONTAL PROG DELAY |
+----+----+------+-----------------------+
| Y4 |  0 |    0 |                     - |
| Y3 |  0 |  270 |                     0 |
| Y2 |  0 |    0 |                     - |
| Y1 |  0 |    0 |                     - |
| Y0 |  0 |    0 |                     - |
+----+----+------+-----------------------+


17. Device Cell Placement Summary for Global Clock g10
------------------------------------------------------

+-----------+-----------------+-------------------+----------------------------------------------------------+-------------+----------------+-------------+----------+----------------+----------+-----------------------------------------------------------+
| Global Id | Driver Type/Pin | Driver Region (D) | Clock                                                    | Period (ns) | Waveform (ns)  | Slice Loads | IO Loads | Clocking Loads | GT Loads | Net                                                       |
+-----------+-----------------+-------------------+----------------------------------------------------------+-------------+----------------+-------------+----------+----------------+----------+-----------------------------------------------------------+
| g10       | BUFGCTRL/O      | n/a               | design_1_i/mdm_1/U0/Use_E2.BSCAN_I/Use_E2.BSCANE2_I/DRCK |      33.333 | {0.000 16.667} |         232 |        0 |              0 |        0 | design_1_i/mdm_1/U0/No_Dbg_Reg_Access.BUFG_DRCK/Dbg_Clk_0 |
+-----------+-----------------+-------------------+----------------------------------------------------------+-------------+----------------+-------------+----------+----------------+----------+-----------------------------------------------------------+
* Slice Loads column represents load cell count of all cell types other than IO, GT and clock resources
** IO Loads column represents load cell count of IO types
*** Clocking Loads column represents load cell count that are clock resources (global clock buffer, MMCM, PLL, etc)
**** GT Loads column represents load cell count of GT types


+----+------+----+-----------------------+
|    | X0   | X1 | HORIZONTAL PROG DELAY |
+----+------+----+-----------------------+
| Y4 |   29 |  0 |                     0 |
| Y3 |  203 |  0 |                     0 |
| Y2 |    0 |  0 |                     - |
| Y1 |    0 |  0 |                     - |
| Y0 |    0 |  0 |                     - |
+----+------+----+-----------------------+


18. Device Cell Placement Summary for Global Clock g11
------------------------------------------------------

+-----------+-----------------+-------------------+-------------------------------+-------------+----------------+-------------+----------+----------------+----------+-------------------------------------------------------------+
| Global Id | Driver Type/Pin | Driver Region (D) | Clock                         | Period (ns) | Waveform (ns)  | Slice Loads | IO Loads | Clocking Loads | GT Loads | Net                                                         |
+-----------+-----------------+-------------------+-------------------------------+-------------+----------------+-------------+----------+----------------+----------+-------------------------------------------------------------+
| g11       | BUFG/O          | n/a               | clkfbout_design_1_clk_wiz_1_0 |      20.000 | {0.000 10.000} |           0 |        0 |              1 |        0 | design_1_i/clk_wiz_1/inst/clkfbout_buf_design_1_clk_wiz_1_0 |
+-----------+-----------------+-------------------+-------------------------------+-------------+----------------+-------------+----------+----------------+----------+-------------------------------------------------------------+
* Slice Loads column represents load cell count of all cell types other than IO, GT and clock resources
** IO Loads column represents load cell count of IO types
*** Clocking Loads column represents load cell count that are clock resources (global clock buffer, MMCM, PLL, etc)
**** GT Loads column represents load cell count of GT types


+----+----+----+-----------------------+
|    | X0 | X1 | HORIZONTAL PROG DELAY |
+----+----+----+-----------------------+
| Y4 |  0 |  0 |                     - |
| Y3 |  0 |  0 |                     - |
| Y2 |  1 |  0 |                     0 |
| Y1 |  0 |  0 |                     - |
| Y0 |  0 |  0 |                     - |
+----+----+----+-----------------------+


19. Clock Region Cell Placement per Global Clock: Region X0Y2
-------------------------------------------------------------

+-----------+-------+-----------------+------------+-------------+-----------------+------+-------------+------+-----+----+------+-----+---------+-------------------------------------------------------------+
| Global Id | Track | Driver Type/Pin | Constraint | Clock Loads | Non-Clock Loads | FF   | Memory LUTs | RAMB | DSP | GT | MMCM | PLL | Hard IP | Net                                                         |
+-----------+-------+-----------------+------------+-------------+-----------------+------+-------------+------+-----+----+------+-----+---------+-------------------------------------------------------------+
| g0        | n/a   | BUFG/O          | None       |        1042 |               0 | 1042 |           0 |    0 |   0 |  0 |    0 |   0 |       0 | design_1_i/clk_wiz_1/inst/clk_out2                          |
| g1        | n/a   | BUFG/O          | None       |         980 |               0 |  976 |           0 |    4 |   0 |  0 |    0 |   0 |       0 | design_1_i/clk_wiz_1/inst/clk_out1                          |
| g11       | n/a   | BUFG/O          | None       |           1 |               0 |    0 |           0 |    0 |   0 |  0 |    0 |   1 |       0 | design_1_i/clk_wiz_1/inst/clkfbout_buf_design_1_clk_wiz_1_0 |
+-----------+-------+-----------------+------------+-------------+-----------------+------+-------------+------+-----+----+------+-----+---------+-------------------------------------------------------------+
* Clock Loads column represents cell count of net connects that connect to a clock pin. Internal cell leaf pins are not considered
** Non-Clock Loads column represents cell count of non-clock pin loads
*** Columns FF, LUTRAM, RAMB through 'Hard IP' represents load cell counts


20. Clock Region Cell Placement per Global Clock: Region X1Y2
-------------------------------------------------------------

+-----------+-------+-----------------+------------+-------------+-----------------+------+-------------+------+-----+----+------+-----+---------+------------------------------------+
| Global Id | Track | Driver Type/Pin | Constraint | Clock Loads | Non-Clock Loads | FF   | Memory LUTs | RAMB | DSP | GT | MMCM | PLL | Hard IP | Net                                |
+-----------+-------+-----------------+------------+-------------+-----------------+------+-------------+------+-----+----+------+-----+---------+------------------------------------+
| g0        | n/a   | BUFG/O          | None       |        1014 |               0 | 1014 |           0 |    0 |   0 |  0 |    0 |   0 |       0 | design_1_i/clk_wiz_1/inst/clk_out2 |
| g1        | n/a   | BUFG/O          | None       |         680 |               0 |  680 |           0 |    0 |   0 |  0 |    0 |   0 |       0 | design_1_i/clk_wiz_1/inst/clk_out1 |
+-----------+-------+-----------------+------------+-------------+-----------------+------+-------------+------+-----+----+------+-----+---------+------------------------------------+
* Clock Loads column represents cell count of net connects that connect to a clock pin. Internal cell leaf pins are not considered
** Non-Clock Loads column represents cell count of non-clock pin loads
*** Columns FF, LUTRAM, RAMB through 'Hard IP' represents load cell counts


21. Clock Region Cell Placement per Global Clock: Region X0Y3
-------------------------------------------------------------

+-----------+-------+-----------------+------------+-------------+-----------------+------+-------------+------+-----+----+------+-----+---------+-----------------------------------------------------------+
| Global Id | Track | Driver Type/Pin | Constraint | Clock Loads | Non-Clock Loads | FF   | Memory LUTs | RAMB | DSP | GT | MMCM | PLL | Hard IP | Net                                                       |
+-----------+-------+-----------------+------------+-------------+-----------------+------+-------------+------+-----+----+------+-----+---------+-----------------------------------------------------------+
| g0        | n/a   | BUFG/O          | None       |        1736 |               0 | 1736 |           0 |    0 |   0 |  0 |    0 |   0 |       0 | design_1_i/clk_wiz_1/inst/clk_out2                        |
| g1        | n/a   | BUFG/O          | None       |        3188 |               0 | 3029 |         132 |   27 |   0 |  0 |    0 |   0 |       0 | design_1_i/clk_wiz_1/inst/clk_out1                        |
| g8        | n/a   | BUFG/O          | None       |          61 |               0 |   61 |           0 |    0 |   0 |  0 |    0 |   0 |       0 | design_1_i/hw0_0/inst/s1FibRxProc/rxClk4m_f_reg_n_0_BUFG  |
| g10       | n/a   | BUFGCTRL/O      | None       |         203 |               0 |  184 |          19 |    0 |   0 |  0 |    0 |   0 |       0 | design_1_i/mdm_1/U0/No_Dbg_Reg_Access.BUFG_DRCK/Dbg_Clk_0 |
+-----------+-------+-----------------+------------+-------------+-----------------+------+-------------+------+-----+----+------+-----+---------+-----------------------------------------------------------+
* Clock Loads column represents cell count of net connects that connect to a clock pin. Internal cell leaf pins are not considered
** Non-Clock Loads column represents cell count of non-clock pin loads
*** Columns FF, LUTRAM, RAMB through 'Hard IP' represents load cell counts


22. Clock Region Cell Placement per Global Clock: Region X1Y3
-------------------------------------------------------------

+-----------+-------+-----------------+------------+-------------+-----------------+------+-------------+------+-----+----+------+-----+---------+-----------------------------------------------------------+
| Global Id | Track | Driver Type/Pin | Constraint | Clock Loads | Non-Clock Loads | FF   | Memory LUTs | RAMB | DSP | GT | MMCM | PLL | Hard IP | Net                                                       |
+-----------+-------+-----------------+------------+-------------+-----------------+------+-------------+------+-----+----+------+-----+---------+-----------------------------------------------------------+
| g0        | n/a   | BUFG/O          | None       |        3980 |               0 | 3972 |           8 |    0 |   0 |  0 |    0 |   0 |       0 | design_1_i/clk_wiz_1/inst/clk_out2                        |
| g1        | n/a   | BUFG/O          | None       |         294 |               0 |  294 |           0 |    0 |   0 |  0 |    0 |   0 |       0 | design_1_i/clk_wiz_1/inst/clk_out1                        |
| g2        | n/a   | BUFG/O          | None       |         257 |              13 |  257 |           0 |    0 |   0 |  0 |    0 |   0 |       0 | design_1_i/hw0_0/inst/hostS1RxProc/hostS1RxClk4m_w_BUFG   |
| g3        | n/a   | BUFG/O          | None       |         257 |              12 |  257 |           0 |    0 |   0 |  0 |    0 |   0 |       0 | design_1_i/hw0_0/inst/hostS2RxProc/rxClk4m_f_reg_n_0_BUFG |
| g4        | n/a   | BUFG/O          | None       |         149 |               1 |  149 |           0 |    0 |   0 |  0 |    0 |   0 |       0 | design_1_i/hw0_0/inst/rxSysData1/rxSysData1_clk_w_BUFG    |
| g5        | n/a   | BUFG/O          | None       |         237 |               0 |  237 |           0 |    0 |   0 |  0 |    0 |   0 |       0 | design_1_i/hw0_0/inst/rxSysData2/rxClk4m_f_reg_n_0_BUFG   |
| g6        | n/a   | BUFG/O          | None       |         257 |              12 |  257 |           0 |    0 |   0 |  0 |    0 |   0 |       0 | design_1_i/hw0_0/inst/rxSysData3/rxClk4m_f_reg_n_0_BUFG   |
| g7        | n/a   | BUFG/O          | None       |         257 |              12 |  257 |           0 |    0 |   0 |  0 |    0 |   0 |       0 | design_1_i/hw0_0/inst/rxSysData4/rxClk4m_f_reg_n_0_BUFG   |
| g8        | n/a   | BUFG/O          | None       |         196 |              12 |  196 |           0 |    0 |   0 |  0 |    0 |   0 |       0 | design_1_i/hw0_0/inst/s1FibRxProc/rxClk4m_f_reg_n_0_BUFG  |
| g9        | n/a   | BUFG/O          | None       |         257 |              13 |  257 |           0 |    0 |   0 |  0 |    0 |   0 |       0 | design_1_i/hw0_0/inst/s1LocalRxProc/s1LocalRxClk4m_w_BUFG |
+-----------+-------+-----------------+------------+-------------+-----------------+------+-------------+------+-----+----+------+-----+---------+-----------------------------------------------------------+
* Clock Loads column represents cell count of net connects that connect to a clock pin. Internal cell leaf pins are not considered
** Non-Clock Loads column represents cell count of non-clock pin loads
*** Columns FF, LUTRAM, RAMB through 'Hard IP' represents load cell counts


23. Clock Region Cell Placement per Global Clock: Region X0Y4
-------------------------------------------------------------

+-----------+-------+-----------------+------------+-------------+-----------------+----+-------------+------+-----+----+------+-----+---------+-----------------------------------------------------------+
| Global Id | Track | Driver Type/Pin | Constraint | Clock Loads | Non-Clock Loads | FF | Memory LUTs | RAMB | DSP | GT | MMCM | PLL | Hard IP | Net                                                       |
+-----------+-------+-----------------+------------+-------------+-----------------+----+-------------+------+-----+----+------+-----+---------+-----------------------------------------------------------+
| g1        | n/a   | BUFG/O          | None       |           1 |               0 |  0 |           0 |    1 |   0 |  0 |    0 |   0 |       0 | design_1_i/clk_wiz_1/inst/clk_out1                        |
| g10       | n/a   | BUFGCTRL/O      | None       |          29 |               0 | 26 |           3 |    0 |   0 |  0 |    0 |   0 |       0 | design_1_i/mdm_1/U0/No_Dbg_Reg_Access.BUFG_DRCK/Dbg_Clk_0 |
+-----------+-------+-----------------+------------+-------------+-----------------+----+-------------+------+-----+----+------+-----+---------+-----------------------------------------------------------+
* Clock Loads column represents cell count of net connects that connect to a clock pin. Internal cell leaf pins are not considered
** Non-Clock Loads column represents cell count of non-clock pin loads
*** Columns FF, LUTRAM, RAMB through 'Hard IP' represents load cell counts


24. Clock Region Cell Placement per Global Clock: Region X1Y4
-------------------------------------------------------------

+-----------+-------+-----------------+------------+-------------+-----------------+-----+-------------+------+-----+----+------+-----+---------+---------------------------------------------------------+
| Global Id | Track | Driver Type/Pin | Constraint | Clock Loads | Non-Clock Loads | FF  | Memory LUTs | RAMB | DSP | GT | MMCM | PLL | Hard IP | Net                                                     |
+-----------+-------+-----------------+------------+-------------+-----------------+-----+-------------+------+-----+----+------+-----+---------+---------------------------------------------------------+
| g0        | n/a   | BUFG/O          | None       |          63 |               0 |  63 |           0 |    0 |   0 |  0 |    0 |   0 |       0 | design_1_i/clk_wiz_1/inst/clk_out2                      |
| g4        | n/a   | BUFG/O          | None       |         108 |              12 | 108 |           0 |    0 |   0 |  0 |    0 |   0 |       0 | design_1_i/hw0_0/inst/rxSysData1/rxSysData1_clk_w_BUFG  |
| g5        | n/a   | BUFG/O          | None       |          20 |              12 |  20 |           0 |    0 |   0 |  0 |    0 |   0 |       0 | design_1_i/hw0_0/inst/rxSysData2/rxClk4m_f_reg_n_0_BUFG |
+-----------+-------+-----------------+------------+-------------+-----------------+-----+-------------+------+-----+----+------+-----+---------+---------------------------------------------------------+
* Clock Loads column represents cell count of net connects that connect to a clock pin. Internal cell leaf pins are not considered
** Non-Clock Loads column represents cell count of non-clock pin loads
*** Columns FF, LUTRAM, RAMB through 'Hard IP' represents load cell counts



# Location of BUFG Primitives 
set_property LOC BUFGCTRL_X0Y10 [get_cells design_1_i/mdm_1/U0/No_Dbg_Reg_Access.BUFG_DRCK/Using_FPGA.Native]
set_property LOC BUFGCTRL_X0Y4 [get_cells design_1_i/hw0_0/inst/s1LocalRxProc/s1LocalRxClk4m_w_BUFG_inst]
set_property LOC BUFGCTRL_X0Y9 [get_cells design_1_i/hw0_0/inst/s1FibRxProc/rxClk4m_f_reg_n_0_BUFG_inst]
set_property LOC BUFGCTRL_X0Y8 [get_cells design_1_i/hw0_0/inst/rxSysData4/rxClk4m_f_reg_n_0_BUFG_inst]
set_property LOC BUFGCTRL_X0Y7 [get_cells design_1_i/hw0_0/inst/rxSysData3/rxClk4m_f_reg_n_0_BUFG_inst]
set_property LOC BUFGCTRL_X0Y6 [get_cells design_1_i/hw0_0/inst/rxSysData2/rxClk4m_f_reg_n_0_BUFG_inst]
set_property LOC BUFGCTRL_X0Y3 [get_cells design_1_i/hw0_0/inst/rxSysData1/rxSysData1_clk_w_BUFG_inst]
set_property LOC BUFGCTRL_X0Y5 [get_cells design_1_i/hw0_0/inst/hostS2RxProc/rxClk4m_f_reg_n_0_BUFG_inst]
set_property LOC BUFGCTRL_X0Y2 [get_cells design_1_i/hw0_0/inst/hostS1RxProc/hostS1RxClk4m_w_BUFG_inst]
set_property LOC BUFGCTRL_X0Y11 [get_cells design_1_i/clk_wiz_1/inst/clkf_buf]
set_property LOC BUFGCTRL_X0Y0 [get_cells design_1_i/clk_wiz_1/inst/clkout2_buf]
set_property LOC BUFGCTRL_X0Y1 [get_cells design_1_i/clk_wiz_1/inst/clkout1_buf]

# Location of IO Primitives which is load of clock spine

# Location of clock ports
set_property LOC IOB_X0Y126 [get_ports sysClk50m]

# Clock net "design_1_i/mdm_1/U0/No_Dbg_Reg_Access.BUFG_DRCK/Dbg_Clk_0" driven by instance "design_1_i/mdm_1/U0/No_Dbg_Reg_Access.BUFG_DRCK/Using_FPGA.Native" located at site "BUFGCTRL_X0Y10"
#startgroup
create_pblock {CLKAG_design_1_i/mdm_1/U0/No_Dbg_Reg_Access.BUFG_DRCK/Dbg_Clk_0}
add_cells_to_pblock [get_pblocks  {CLKAG_design_1_i/mdm_1/U0/No_Dbg_Reg_Access.BUFG_DRCK/Dbg_Clk_0}] [get_cells -filter { PRIMITIVE_GROUP != I/O && IS_PRIMITIVE==1 && PRIMITIVE_LEVEL !=INTERNAL } -of_object [get_pins -filter {DIRECTION==IN} -of_objects [get_nets -hierarchical -filter {PARENT=="design_1_i/mdm_1/U0/No_Dbg_Reg_Access.BUFG_DRCK/Dbg_Clk_0"}]]]
resize_pblock [get_pblocks {CLKAG_design_1_i/mdm_1/U0/No_Dbg_Reg_Access.BUFG_DRCK/Dbg_Clk_0}] -add {CLOCKREGION_X0Y3:CLOCKREGION_X0Y3 CLOCKREGION_X0Y4:CLOCKREGION_X0Y4}
#endgroup

# Clock net "design_1_i/hw0_0/inst/s1LocalRxProc/s1LocalRxClk4m_w_BUFG" driven by instance "design_1_i/hw0_0/inst/s1LocalRxProc/s1LocalRxClk4m_w_BUFG_inst" located at site "BUFGCTRL_X0Y4"
#startgroup
create_pblock {CLKAG_design_1_i/hw0_0/inst/s1LocalRxProc/s1LocalRxClk4m_w_BUFG}
add_cells_to_pblock [get_pblocks  {CLKAG_design_1_i/hw0_0/inst/s1LocalRxProc/s1LocalRxClk4m_w_BUFG}] [get_cells -filter { PRIMITIVE_GROUP != I/O && IS_PRIMITIVE==1 && PRIMITIVE_LEVEL !=INTERNAL } -of_object [get_pins -filter {DIRECTION==IN} -of_objects [get_nets -hierarchical -filter {PARENT=="design_1_i/hw0_0/inst/s1LocalRxProc/s1LocalRxClk4m_w_BUFG"}]]]
resize_pblock [get_pblocks {CLKAG_design_1_i/hw0_0/inst/s1LocalRxProc/s1LocalRxClk4m_w_BUFG}] -add {CLOCKREGION_X1Y3:CLOCKREGION_X1Y3}
#endgroup

# Clock net "design_1_i/hw0_0/inst/s1FibRxProc/rxClk4m_f_reg_n_0_BUFG" driven by instance "design_1_i/hw0_0/inst/s1FibRxProc/rxClk4m_f_reg_n_0_BUFG_inst" located at site "BUFGCTRL_X0Y9"
#startgroup
create_pblock {CLKAG_design_1_i/hw0_0/inst/s1FibRxProc/rxClk4m_f_reg_n_0_BUFG}
add_cells_to_pblock [get_pblocks  {CLKAG_design_1_i/hw0_0/inst/s1FibRxProc/rxClk4m_f_reg_n_0_BUFG}] [get_cells -filter { PRIMITIVE_GROUP != I/O && IS_PRIMITIVE==1 && PRIMITIVE_LEVEL !=INTERNAL } -of_object [get_pins -filter {DIRECTION==IN} -of_objects [get_nets -hierarchical -filter {PARENT=="design_1_i/hw0_0/inst/s1FibRxProc/rxClk4m_f_reg_n_0_BUFG"}]]]
resize_pblock [get_pblocks {CLKAG_design_1_i/hw0_0/inst/s1FibRxProc/rxClk4m_f_reg_n_0_BUFG}] -add {CLOCKREGION_X0Y3:CLOCKREGION_X0Y3 CLOCKREGION_X1Y3:CLOCKREGION_X1Y3}
#endgroup

# Clock net "design_1_i/hw0_0/inst/rxSysData4/rxClk4m_f_reg_n_0_BUFG" driven by instance "design_1_i/hw0_0/inst/rxSysData4/rxClk4m_f_reg_n_0_BUFG_inst" located at site "BUFGCTRL_X0Y8"
#startgroup
create_pblock {CLKAG_design_1_i/hw0_0/inst/rxSysData4/rxClk4m_f_reg_n_0_BUFG}
add_cells_to_pblock [get_pblocks  {CLKAG_design_1_i/hw0_0/inst/rxSysData4/rxClk4m_f_reg_n_0_BUFG}] [get_cells -filter { PRIMITIVE_GROUP != I/O && IS_PRIMITIVE==1 && PRIMITIVE_LEVEL !=INTERNAL } -of_object [get_pins -filter {DIRECTION==IN} -of_objects [get_nets -hierarchical -filter {PARENT=="design_1_i/hw0_0/inst/rxSysData4/rxClk4m_f_reg_n_0_BUFG"}]]]
resize_pblock [get_pblocks {CLKAG_design_1_i/hw0_0/inst/rxSysData4/rxClk4m_f_reg_n_0_BUFG}] -add {CLOCKREGION_X1Y3:CLOCKREGION_X1Y3}
#endgroup

# Clock net "design_1_i/hw0_0/inst/rxSysData3/rxClk4m_f_reg_n_0_BUFG" driven by instance "design_1_i/hw0_0/inst/rxSysData3/rxClk4m_f_reg_n_0_BUFG_inst" located at site "BUFGCTRL_X0Y7"
#startgroup
create_pblock {CLKAG_design_1_i/hw0_0/inst/rxSysData3/rxClk4m_f_reg_n_0_BUFG}
add_cells_to_pblock [get_pblocks  {CLKAG_design_1_i/hw0_0/inst/rxSysData3/rxClk4m_f_reg_n_0_BUFG}] [get_cells -filter { PRIMITIVE_GROUP != I/O && IS_PRIMITIVE==1 && PRIMITIVE_LEVEL !=INTERNAL } -of_object [get_pins -filter {DIRECTION==IN} -of_objects [get_nets -hierarchical -filter {PARENT=="design_1_i/hw0_0/inst/rxSysData3/rxClk4m_f_reg_n_0_BUFG"}]]]
resize_pblock [get_pblocks {CLKAG_design_1_i/hw0_0/inst/rxSysData3/rxClk4m_f_reg_n_0_BUFG}] -add {CLOCKREGION_X1Y3:CLOCKREGION_X1Y3}
#endgroup

# Clock net "design_1_i/hw0_0/inst/rxSysData2/rxClk4m_f_reg_n_0_BUFG" driven by instance "design_1_i/hw0_0/inst/rxSysData2/rxClk4m_f_reg_n_0_BUFG_inst" located at site "BUFGCTRL_X0Y6"
#startgroup
create_pblock {CLKAG_design_1_i/hw0_0/inst/rxSysData2/rxClk4m_f_reg_n_0_BUFG}
add_cells_to_pblock [get_pblocks  {CLKAG_design_1_i/hw0_0/inst/rxSysData2/rxClk4m_f_reg_n_0_BUFG}] [get_cells -filter { PRIMITIVE_GROUP != I/O && IS_PRIMITIVE==1 && PRIMITIVE_LEVEL !=INTERNAL } -of_object [get_pins -filter {DIRECTION==IN} -of_objects [get_nets -hierarchical -filter {PARENT=="design_1_i/hw0_0/inst/rxSysData2/rxClk4m_f_reg_n_0_BUFG"}]]]
resize_pblock [get_pblocks {CLKAG_design_1_i/hw0_0/inst/rxSysData2/rxClk4m_f_reg_n_0_BUFG}] -add {CLOCKREGION_X1Y3:CLOCKREGION_X1Y3 CLOCKREGION_X1Y4:CLOCKREGION_X1Y4}
#endgroup

# Clock net "design_1_i/hw0_0/inst/rxSysData1/rxSysData1_clk_w_BUFG" driven by instance "design_1_i/hw0_0/inst/rxSysData1/rxSysData1_clk_w_BUFG_inst" located at site "BUFGCTRL_X0Y3"
#startgroup
create_pblock {CLKAG_design_1_i/hw0_0/inst/rxSysData1/rxSysData1_clk_w_BUFG}
add_cells_to_pblock [get_pblocks  {CLKAG_design_1_i/hw0_0/inst/rxSysData1/rxSysData1_clk_w_BUFG}] [get_cells -filter { PRIMITIVE_GROUP != I/O && IS_PRIMITIVE==1 && PRIMITIVE_LEVEL !=INTERNAL } -of_object [get_pins -filter {DIRECTION==IN} -of_objects [get_nets -hierarchical -filter {PARENT=="design_1_i/hw0_0/inst/rxSysData1/rxSysData1_clk_w_BUFG"}]]]
resize_pblock [get_pblocks {CLKAG_design_1_i/hw0_0/inst/rxSysData1/rxSysData1_clk_w_BUFG}] -add {CLOCKREGION_X1Y3:CLOCKREGION_X1Y3 CLOCKREGION_X1Y4:CLOCKREGION_X1Y4}
#endgroup

# Clock net "design_1_i/hw0_0/inst/hostS2RxProc/rxClk4m_f_reg_n_0_BUFG" driven by instance "design_1_i/hw0_0/inst/hostS2RxProc/rxClk4m_f_reg_n_0_BUFG_inst" located at site "BUFGCTRL_X0Y5"
#startgroup
create_pblock {CLKAG_design_1_i/hw0_0/inst/hostS2RxProc/rxClk4m_f_reg_n_0_BUFG}
add_cells_to_pblock [get_pblocks  {CLKAG_design_1_i/hw0_0/inst/hostS2RxProc/rxClk4m_f_reg_n_0_BUFG}] [get_cells -filter { PRIMITIVE_GROUP != I/O && IS_PRIMITIVE==1 && PRIMITIVE_LEVEL !=INTERNAL } -of_object [get_pins -filter {DIRECTION==IN} -of_objects [get_nets -hierarchical -filter {PARENT=="design_1_i/hw0_0/inst/hostS2RxProc/rxClk4m_f_reg_n_0_BUFG"}]]]
resize_pblock [get_pblocks {CLKAG_design_1_i/hw0_0/inst/hostS2RxProc/rxClk4m_f_reg_n_0_BUFG}] -add {CLOCKREGION_X1Y3:CLOCKREGION_X1Y3}
#endgroup

# Clock net "design_1_i/hw0_0/inst/hostS1RxProc/hostS1RxClk4m_w_BUFG" driven by instance "design_1_i/hw0_0/inst/hostS1RxProc/hostS1RxClk4m_w_BUFG_inst" located at site "BUFGCTRL_X0Y2"
#startgroup
create_pblock {CLKAG_design_1_i/hw0_0/inst/hostS1RxProc/hostS1RxClk4m_w_BUFG}
add_cells_to_pblock [get_pblocks  {CLKAG_design_1_i/hw0_0/inst/hostS1RxProc/hostS1RxClk4m_w_BUFG}] [get_cells -filter { PRIMITIVE_GROUP != I/O && IS_PRIMITIVE==1 && PRIMITIVE_LEVEL !=INTERNAL } -of_object [get_pins -filter {DIRECTION==IN} -of_objects [get_nets -hierarchical -filter {PARENT=="design_1_i/hw0_0/inst/hostS1RxProc/hostS1RxClk4m_w_BUFG"}]]]
resize_pblock [get_pblocks {CLKAG_design_1_i/hw0_0/inst/hostS1RxProc/hostS1RxClk4m_w_BUFG}] -add {CLOCKREGION_X1Y3:CLOCKREGION_X1Y3}
#endgroup

# Clock net "design_1_i/clk_wiz_1/inst/clk_out2" driven by instance "design_1_i/clk_wiz_1/inst/clkout2_buf" located at site "BUFGCTRL_X0Y0"
#startgroup
create_pblock {CLKAG_design_1_i/clk_wiz_1/inst/clk_out2}
add_cells_to_pblock [get_pblocks  {CLKAG_design_1_i/clk_wiz_1/inst/clk_out2}] [get_cells -filter { PRIMITIVE_GROUP != I/O && IS_PRIMITIVE==1 && PRIMITIVE_LEVEL !=INTERNAL } -of_object [get_pins -filter {DIRECTION==IN} -of_objects [get_nets -hierarchical -filter {PARENT=="design_1_i/clk_wiz_1/inst/clk_out2"}]]]
resize_pblock [get_pblocks {CLKAG_design_1_i/clk_wiz_1/inst/clk_out2}] -add {CLOCKREGION_X0Y2:CLOCKREGION_X0Y2 CLOCKREGION_X0Y3:CLOCKREGION_X0Y3 CLOCKREGION_X1Y2:CLOCKREGION_X1Y2 CLOCKREGION_X1Y3:CLOCKREGION_X1Y3 CLOCKREGION_X1Y4:CLOCKREGION_X1Y4}
#endgroup

# Clock net "design_1_i/clk_wiz_1/inst/clk_out1" driven by instance "design_1_i/clk_wiz_1/inst/clkout1_buf" located at site "BUFGCTRL_X0Y1"
#startgroup
create_pblock {CLKAG_design_1_i/clk_wiz_1/inst/clk_out1}
add_cells_to_pblock [get_pblocks  {CLKAG_design_1_i/clk_wiz_1/inst/clk_out1}] [get_cells -filter { PRIMITIVE_GROUP != I/O && IS_PRIMITIVE==1 && PRIMITIVE_LEVEL !=INTERNAL } -of_object [get_pins -filter {DIRECTION==IN} -of_objects [get_nets -hierarchical -filter {PARENT=="design_1_i/clk_wiz_1/inst/clk_out1"}]]]
resize_pblock [get_pblocks {CLKAG_design_1_i/clk_wiz_1/inst/clk_out1}] -add {CLOCKREGION_X0Y2:CLOCKREGION_X0Y2 CLOCKREGION_X0Y3:CLOCKREGION_X0Y3 CLOCKREGION_X0Y4:CLOCKREGION_X0Y4 CLOCKREGION_X1Y2:CLOCKREGION_X1Y2 CLOCKREGION_X1Y3:CLOCKREGION_X1Y3}
#endgroup
