21:04:12 **** Incremental Build of configuration Debug for project syncMain ****
make all 
'Building file: ../src/helloworld.c'
'Invoking: MicroBlaze gcc compiler'
mb-gcc -Wall -O0 -g3 -c -fmessage-length=0 -MT"src/helloworld.o" -IE:/kevin/myCode/microBlaze200/vitisJson/syncBlaze/export/syncBlaze/sw/syncBlaze/standalone_domain/bspinclude/include -mlittle-endian -mcpu=v11.0 -mxl-soft-mul -Wl,--no-relax -ffunction-sections -fdata-sections -MMD -MP -MF"src/helloworld.d" -MT"src/helloworld.o" -o "src/helloworld.o" "../src/helloworld.c"
In file included from ../src/helloworld.c:28:
E:/kevin/myCode/microBlaze200/vitisJson/syncBlaze/export/syncBlaze/sw/syncBlaze/standalone_domain/bspinclude/include/xbasic_types.h:102:2: warning: #warning The xbasics_type.h file is deprecated and users should use xil_types.h and xil_assert. [-Wcpp]
  102 | #warning  The xbasics_type.h file is deprecated and users should use xil_types.h and xil_assert.
      |  ^~~~~~~
E:/kevin/myCode/microBlaze200/vitisJson/syncBlaze/export/syncBlaze/sw/syncBlaze/standalone_domain/bspinclude/include/xbasic_types.h:103:2: warning: #warning Please refer the Standalone BSP UG647 for further details [-Wcpp]
  103 | #warning  Please refer the Standalone BSP UG647 for further details
      |  ^~~~~~~
../src/helloworld.c:249:5: warning: "/*" within comment [-Wcomment]
  249 |     /*=================================================
      |      
../src/helloworld.c: In function 'udRxPrg':
../src/helloworld.c:729:29: warning: unused variable 'kkk' [-Wunused-variable]
  729 |                         int kkk=serialId;
      |                             ^~~
../src/helloworld.c:719:13: warning: unused variable 'para2' [-Wunused-variable]
  719 |         u16 para2 = getBufferWord(&inx, udp->rxBuffer);
      |             ^~~~~
../src/helloworld.c:718:13: warning: unused variable 'para1' [-Wunused-variable]
  718 |         u16 para1 = getBufferWord(&inx, udp->rxBuffer);
      |             ^~~~~
../src/helloworld.c:715:13: warning: unused variable 'len' [-Wunused-variable]
  715 |         u16 len = getBufferWord(&inx, udp->rxBuffer);
      |             ^~~
../src/helloworld.c: In function 'udSyncUartRxPrg':
../src/helloworld.c:871:13: warning: unused variable 'para3' [-Wunused-variable]
  871 |         u16 para3 = getBufferWord(&inx, udp->rxBuffer);
      |             ^~~~~
../src/helloworld.c:870:13: warning: unused variable 'para2' [-Wunused-variable]
  870 |         u16 para2 = getBufferWord(&inx, udp->rxBuffer);
      |             ^~~~~
../src/helloworld.c:869:13: warning: unused variable 'para1' [-Wunused-variable]
  869 |         u16 para1 = getBufferWord(&inx, udp->rxBuffer);
      |             ^~~~~
../src/helloworld.c:868:13: warning: unused variable 'para0' [-Wunused-variable]
  868 |         u16 para0 = getBufferWord(&inx, udp->rxBuffer);
      |             ^~~~~
../src/helloworld.c:859:13: warning: unused variable 'cmdLen' [-Wunused-variable]
  859 |         u16 cmdLen = getBufferWord(&inx, udp->rxBuffer);
      |             ^~~~~~
../src/helloworld.c:850:12: warning: unused variable 'i8' [-Wunused-variable]
  850 |         u8 i8;
      |            ^~
../src/helloworld.c:849:13: warning: unused variable 'ibuf' [-Wunused-variable]
  849 |         u32 ibuf;
      |             ^~~~
../src/helloworld.c: In function 'udUartRxPrg':
../src/helloworld.c:974:37: warning: unused variable 'kk' [-Wunused-variable]
  974 |                                 int kk=0;
      |                                     ^~
../src/helloworld.c:900:13: warning: unused variable 'para3' [-Wunused-variable]
  900 |         u16 para3 = getBufferWord(&inx, udp->rxBuffer);
      |             ^~~~~
../src/helloworld.c:898:13: warning: unused variable 'para1' [-Wunused-variable]
  898 |         u16 para1 = getBufferWord(&inx, udp->rxBuffer);
      |             ^~~~~
../src/helloworld.c:896:13: warning: unused variable 'cmd' [-Wunused-variable]
  896 |         u16 cmd = getBufferWord(&inx, udp->rxBuffer);
      |             ^~~
../src/helloworld.c:895:13: warning: unused variable 'cmdLen' [-Wunused-variable]
  895 |         u16 cmdLen = getBufferWord(&inx, udp->rxBuffer);
      |             ^~~~~~
../src/helloworld.c: In function 'udIpcRxPrg':
../src/helloworld.c:1354:21: warning: unused variable 'cmdLen' [-Wunused-variable]
 1354 |                 u16 cmdLen = getBufferWord(&inx, udp->rxBuffer);
      |                     ^~~~~~
../src/helloworld.c:1344:12: warning: unused variable 'i8' [-Wunused-variable]
 1344 |         u8 i8;
      |            ^~
../src/helloworld.c: In function 'transBram':
../src/helloworld.c:1695:13: warning: unused variable 'debug' [-Wunused-variable]
 1695 |         int debug;
      |             ^~~~~
../src/helloworld.c:1694:12: warning: unused variable 'i8' [-Wunused-variable]
 1694 |         u8 i8;
      |            ^~
../src/helloworld.c: In function 'memTxPrg':
../src/helloworld.c:2326:24: warning: 'return' with a value, in function returning void [-Wreturn-type]
 2326 |                 return 0;
      |                        ^
../src/helloworld.c:2317:6: note: declared here
 2317 | void memTxPrg(UartData *udp){
      |      ^~~~~~~~
../src/helloworld.c: In function 'syncMemTxPrg':
../src/helloworld.c:2374:24: warning: 'return' with a value, in function returning void [-Wreturn-type]
 2374 |                 return 0;
      |                        ^
../src/helloworld.c:2366:6: note: declared here
 2366 | void syncMemTxPrg(UartData *udp,int inx){
      |      ^~~~~~~~~~~~
../src/helloworld.c: In function 'simple_delay':
../src/helloworld.c:2806:43: warning: statement with no effect [-Wunused-value]
 2806 |         for (i = 0; i < simple_delay; i++)2
      |                                           ^
../src/helloworld.c: In function 'loadTickDrv':
../src/helloworld.c:2957:13: warning: unused variable 'ibuf' [-Wunused-variable]
 2957 |         int ibuf;
      |             ^~~~
../src/helloworld.c: In function 'loadTickMeter':
../src/helloworld.c:3073:13: warning: unused variable 'ibuf' [-Wunused-variable]
 3073 |         int ibuf;
      |             ^~~~
../src/helloworld.c: In function 'loadTickIpc':
../src/helloworld.c:3658:20: warning: unused variable 'status' [-Wunused-variable]
 3658 |                 u8 status=radarData.sspaPowerStatusAA[udp->txPackItemCnt0];
      |                    ^~~~~~
'Finished building: ../src/helloworld.c'
' '
'Building file: ../src/platform.c'
'Invoking: MicroBlaze gcc compiler'
mb-gcc -Wall -O0 -g3 -c -fmessage-length=0 -MT"src/platform.o" -IE:/kevin/myCode/microBlaze200/vitisJson/syncBlaze/export/syncBlaze/sw/syncBlaze/standalone_domain/bspinclude/include -mlittle-endian -mcpu=v11.0 -mxl-soft-mul -Wl,--no-relax -ffunction-sections -fdata-sections -MMD -MP -MF"src/platform.d" -MT"src/platform.o" -o "src/platform.o" "../src/platform.c"
'Finished building: ../src/platform.c'
' '
'Building target: syncMain.elf'
'Invoking: MicroBlaze gcc linker'
mb-gcc -Wl,-T -Wl,../src/lscript.ld -LE:/kevin/myCode/microBlaze200/vitisJson/syncBlaze/export/syncBlaze/sw/syncBlaze/standalone_domain/bsplib/lib -mlittle-endian -mcpu=v11.0 -mxl-soft-mul -Wl,--no-relax -Wl,--gc-sections -o "syncMain.elf"  ./src/helloworld.o ./src/platform.o  ./.metadata/.plugins/org.eclipse.cdt.make.core/specs.o   -Wl,--start-group,-lxil,-lgcc,-lc,--end-group
'Finished building target: syncMain.elf'
' '
'Invoking: MicroBlaze Print Size'
mb-size syncMain.elf  |tee "syncMain.elf.size"
   text	   data	    bss	    dec	    hex	filename
  67748	    492	  61384	 129624	  1fa58	syncMain.elf
'Finished building: syncMain.elf.size'
' '

21:04:13 Build Finished (took 721ms)

