15:47:23 DEBUG : Logs will be stored at 'D:/kevin/myCode/microBlaze200/moreFun/IDE.log'.
15:47:24 INFO  : Launching XSCT server: xsct.bat -n  -interactive D:\kevin\myCode\microBlaze200\moreFun\temp_xsdb_launch_script.tcl
15:47:24 INFO  : Registering command handlers for Vitis TCF services
15:47:25 INFO  : Platform repository initialization has completed.
15:47:26 INFO  : XSCT server has started successfully.
15:47:26 INFO  : Successfully done setting XSCT server connection channel  
15:47:26 INFO  : plnx-install-location is set to ''
15:47:26 INFO  : Successfully done query RDI_DATADIR 
15:47:26 INFO  : Successfully done setting workspace for the tool. 
15:48:05 INFO  : Result from executing command 'getProjects': design_1_wrapper
15:48:05 INFO  : Result from executing command 'getPlatforms': xilinx_vck190_base_202220_1|C:/Xilinx/Vitis/2022.2/base_platforms/xilinx_vck190_base_202220_1/xilinx_vck190_base_202220_1.xpfm;xilinx_vck190_base_dfx_202220_1|C:/Xilinx/Vitis/2022.2/base_platforms/xilinx_vck190_base_dfx_202220_1/xilinx_vck190_base_dfx_202220_1.xpfm;xilinx_vmk180_base_202220_1|C:/Xilinx/Vitis/2022.2/base_platforms/xilinx_vmk180_base_202220_1/xilinx_vmk180_base_202220_1.xpfm;xilinx_zcu102_base_202220_1|C:/Xilinx/Vitis/2022.2/base_platforms/xilinx_zcu102_base_202220_1/xilinx_zcu102_base_202220_1.xpfm;xilinx_zcu102_base_dfx_202220_1|C:/Xilinx/Vitis/2022.2/base_platforms/xilinx_zcu102_base_dfx_202220_1/xilinx_zcu102_base_dfx_202220_1.xpfm;xilinx_zcu104_base_202220_1|C:/Xilinx/Vitis/2022.2/base_platforms/xilinx_zcu104_base_202220_1/xilinx_zcu104_base_202220_1.xpfm
15:48:06 WARN  : An unexpected exception occurred in the module 'platform project logging'
15:48:06 INFO  : Platform 'design_1_wrapper' is added to custom repositories.
15:48:08 INFO  : Platform 'design_1_wrapper' is added to custom repositories.
15:51:28 INFO  : Hardware specification for platform project 'design_1_wrapper' is updated.
15:51:39 INFO  : Result from executing command 'getProjects': design_1_wrapper
15:51:39 INFO  : Result from executing command 'getPlatforms': design_1_wrapper|D:/kevin/myCode/microBlaze200/moreFun/design_1_wrapper/export/design_1_wrapper/design_1_wrapper.xpfm;xilinx_vck190_base_202220_1|C:/Xilinx/Vitis/2022.2/base_platforms/xilinx_vck190_base_202220_1/xilinx_vck190_base_202220_1.xpfm;xilinx_vck190_base_dfx_202220_1|C:/Xilinx/Vitis/2022.2/base_platforms/xilinx_vck190_base_dfx_202220_1/xilinx_vck190_base_dfx_202220_1.xpfm;xilinx_vmk180_base_202220_1|C:/Xilinx/Vitis/2022.2/base_platforms/xilinx_vmk180_base_202220_1/xilinx_vmk180_base_202220_1.xpfm;xilinx_zcu102_base_202220_1|C:/Xilinx/Vitis/2022.2/base_platforms/xilinx_zcu102_base_202220_1/xilinx_zcu102_base_202220_1.xpfm;xilinx_zcu102_base_dfx_202220_1|C:/Xilinx/Vitis/2022.2/base_platforms/xilinx_zcu102_base_dfx_202220_1/xilinx_zcu102_base_dfx_202220_1.xpfm;xilinx_zcu104_base_202220_1|C:/Xilinx/Vitis/2022.2/base_platforms/xilinx_zcu104_base_202220_1/xilinx_zcu104_base_202220_1.xpfm
15:52:16 INFO  : Checking for BSP changes to sync application flags for project 'mb200'...
15:53:18 INFO  : Connected to target on host '127.0.0.1' and port '3121'.
15:53:18 INFO  : Jtag cable 'Digilent JTAG-HS2 201706300081' is selected.
15:53:18 INFO  : 'jtag frequency' command is executed.
15:53:18 INFO  : 'targets -set -filter {jtag_cable_name =~ "Digilent JTAG-HS2 201706300081" && level==0 && jtag_device_ctx=="jsn-JTAG-HS2-201706300081-13636093-0"}' command is executed.
15:53:26 INFO  : Device configured successfully with "D:/kevin/myCode/microBlaze200/moreFun/mb200/_ide/bitstream/design_1_wrapper.bit"
15:53:26 INFO  : Context for processor 'microblaze_0' is selected.
15:53:26 INFO  : Hardware design and registers information is loaded from 'D:/kevin/myCode/microBlaze200/moreFun/design_1_wrapper/export/design_1_wrapper/hw/design_1_wrapper.xsa'.
15:53:26 INFO  : 'configparams mdm-detect-bscan-mask 2' command is executed.
15:53:26 INFO  : Context for processor 'microblaze_0' is selected.
15:53:26 INFO  : System reset is completed.
15:53:29 INFO  : 'after 3000' command is executed.
15:53:29 INFO  : Context for processor 'microblaze_0' is selected.
15:53:30 INFO  : The application 'D:/kevin/myCode/microBlaze200/moreFun/mb200/Debug/mb200.elf' is downloaded to processor 'microblaze_0'.
15:53:30 INFO  : ----------------XSDB Script----------------
connect -url tcp:127.0.0.1:3121
targets -set -filter {jtag_cable_name =~ "Digilent JTAG-HS2 201706300081" && level==0 && jtag_device_ctx=="jsn-JTAG-HS2-201706300081-13636093-0"}
fpga -file D:/kevin/myCode/microBlaze200/moreFun/mb200/_ide/bitstream/design_1_wrapper.bit
targets -set -nocase -filter {name =~ "*microblaze*#0" && bscan=="USER2" }
loadhw -hw D:/kevin/myCode/microBlaze200/moreFun/design_1_wrapper/export/design_1_wrapper/hw/design_1_wrapper.xsa -regs
configparams mdm-detect-bscan-mask 2
targets -set -nocase -filter {name =~ "*microblaze*#0" && bscan=="USER2" }
rst -system
after 3000
targets -set -nocase -filter {name =~ "*microblaze*#0" && bscan=="USER2" }
dow D:/kevin/myCode/microBlaze200/moreFun/mb200/Debug/mb200.elf
----------------End of Script----------------

15:53:30 INFO  : Context for processor 'microblaze_0' is selected.
15:53:30 INFO  : 'con' command is executed.
15:53:30 INFO  : ----------------XSDB Script (After Launch)----------------
targets -set -nocase -filter {name =~ "*microblaze*#0" && bscan=="USER2" }
con
----------------End of Script----------------

15:53:30 INFO  : Launch script is exported to file 'D:\kevin\myCode\microBlaze200\moreFun\mb200_system\_ide\scripts\systemdebugger_mb200_system_standalone.tcl'
15:56:36 INFO  : Disconnected from the channel tcfchan#2.
